# Every privilege a request role (public, anon, authenticated, service_role, authenticator) holds on v2's schemas,
# tables, columns, functions and types, and the migration role's default privileges (A8). Written by
# `node scripts/db/test.mjs --write-grants` on a database built from zero; GRANTS-01 compares the live catalog with
# it. A change here is deliberate and its PR says why.
default types everywhere usage public
function api.access_clear_person_capability(p_person uuid, p_capability text, p_reason text) execute authenticated
function api.access_clear_person_level(p_person uuid, p_page text, p_reason text) execute authenticated
function api.access_matrix() execute authenticated
function api.access_of_person(p_person uuid) execute authenticated
function api.access_set_person_capability(p_person uuid, p_capability text, p_granted boolean, p_reason text) execute authenticated
function api.access_set_person_level(p_person uuid, p_page text, p_level core.level, p_reason text) execute authenticated
function api.access_set_person_role(p_person uuid, p_role uuid, p_reason text) execute authenticated
function api.access_set_role_capability(p_role uuid, p_capability text, p_granted boolean, p_reason text) execute authenticated
function api.access_set_role_level(p_role uuid, p_page text, p_level core.level, p_reason text) execute authenticated
function api.achievement(p_id uuid) execute authenticated
function api.achievement_categories(p_plan uuid, p_year integer, p_department uuid) execute authenticated
function api.achievement_categories_remove(p_ids uuid[], p_reason text) execute authenticated
function api.achievement_category_save(p_id uuid, p_plan uuid, p_values jsonb, p_version integer) execute authenticated
function api.achievement_line(p_id uuid, p_locale text) execute authenticated
function api.achievement_log(p_values jsonb, p_refs jsonb, p_participants uuid[]) execute authenticated
function api.achievement_move(p_id uuid, p_to date, p_reason text, p_version integer) execute authenticated
function api.achievement_participants_set(p_id uuid, p_people uuid[]) execute authenticated
function api.achievement_ref_add(p_id uuid, p_system text, p_value text, p_url text) execute authenticated
function api.achievement_refs_remove(p_ids uuid[], p_reason text) execute authenticated
function api.achievement_repeats(p_partner uuid, p_category text, p_title text, p_on date) execute authenticated
function api.achievement_update(p_id uuid, p_values jsonb, p_version integer, p_reason text) execute authenticated
function api.achievements(p_filter jsonb, p_limit integer, p_offset integer) execute authenticated
function api.achievements_assign(p_ids uuid[], p_owner uuid, p_reason text) execute authenticated
function api.achievements_remove(p_ids uuid[], p_reason text) execute authenticated
function api.action_item_add(p_task uuid, p_values jsonb) execute authenticated
function api.action_item_done(p_id uuid, p_done boolean, p_on date) execute authenticated
function api.action_item_update(p_id uuid, p_values jsonb, p_version integer) execute authenticated
function api.action_items_remove(p_ids uuid[], p_reason text) execute authenticated
function api.activity(p_actor uuid, p_entity text, p_since timestamp with time zone, p_before timestamp with time zone, p_limit integer) execute authenticated
function api.activity_log(p_partner uuid, p_type text, p_outcome text, p_happened_on date, p_body text, p_next_step text, p_next_step_on date, p_mentions uuid[]) execute authenticated
function api.app_settings() execute authenticated
function api.app_settings() execute service_role
function api.auth_ticket_issue(p_kind text, p_target text, p_person uuid) execute service_role
function api.auth_user_of(p_email text) execute service_role
function api.backfill_achievement_keys_held(p_keys text[]) execute authenticated
function api.backfill_achievements(p_request jsonb) execute authenticated
function api.backfill_keys_held(p_keys text[]) execute authenticated
function api.backfill_tasks(p_request jsonb) execute authenticated
function api.campaign_code_add(p_code text, p_name text, p_valid_from date, p_valid_to date, p_owner uuid, p_reason text) execute authenticated
function api.can_see(p_entity text, p_id uuid) execute authenticated
function api.client_id_close(p_id uuid, p_closed_on date, p_reason text) execute authenticated
function api.client_id_reopen(p_id uuid, p_reason text) execute authenticated
function api.code_terms_add(p_identifier uuid, p_campaign uuid, p_fee_percent numeric, p_approved_by uuid, p_approved_on date, p_effective_from date, p_services uuid[], p_countries text[], p_tiers jsonb, p_review_on date) execute authenticated
function api.contact_save(p_partner uuid, p_id uuid, p_values jsonb, p_version integer) execute authenticated
function api.contacts_remove(p_ids uuid[], p_reason text) execute authenticated
function api.contract_save(p_partner uuid, p_id uuid, p_values jsonb, p_version integer, p_reason text) execute authenticated
function api.contracts(p_partner uuid, p_side text) execute authenticated
function api.contracts_remove(p_ids uuid[], p_reason text) execute authenticated
function api.credit_limit_set(p_partner uuid, p_amount numeric, p_effective_from date, p_approved_by uuid, p_reason text) execute authenticated
function api.department_save(p_id uuid, p_code text, p_name_en text, p_name_ar text, p_head uuid, p_version integer, p_reason text) execute authenticated
function api.device_sign_out(p_device uuid) execute authenticated
function api.device_sign_out_others() execute authenticated
function api.device_touch() execute authenticated
function api.file_begin(p_entity text, p_id uuid, p_kind text, p_purpose text, p_original_name text, p_size bigint, p_mime text, p_sensitivity text, p_side text, p_review_on date) execute authenticated
function api.file_download(p_id uuid, p_locale text) execute authenticated
function api.file_finish(p_id uuid, p_sha256 text) execute authenticated
function api.file_review_set(p_id uuid, p_review_on date, p_version integer) execute authenticated
function api.files(p_entity text, p_id uuid, p_side text) execute authenticated
function api.files_remove(p_ids uuid[], p_reason text) execute authenticated
function api.follow(p_entity text, p_id uuid, p_on boolean) execute authenticated
function api.following(p_entity text, p_id uuid) execute authenticated
function api.from_note(p_entity text, p_id uuid) execute authenticated
function api.hover_partner(p_id uuid) execute authenticated
function api.hover_person(p_id uuid) execute authenticated
function api.identifier_add(p_partner uuid, p_kind text, p_value text, p_reason text, p_subkind text, p_valid_from date, p_valid_to date, p_note text, p_second_code boolean) execute authenticated
function api.identifier_block_add(p_kind text, p_match text, p_value text, p_reason text) execute authenticated
function api.identifier_remove(p_id uuid, p_reason text) execute authenticated
function api.individual_add(p_name text, p_reason text) execute authenticated
function api.list(p_list text, p_include_retired boolean) execute authenticated
function api.list_remove(p_list text, p_id uuid, p_reason text) execute authenticated
function api.list_retire(p_list text, p_id uuid, p_replacement uuid, p_reason text) execute authenticated
function api.list_save(p_list text, p_id uuid, p_values jsonb, p_version integer, p_reason text) execute authenticated
function api.list_usage(p_list text, p_id uuid) execute authenticated
function api.me() execute authenticated
function api.my_day(p_scope text, p_limit integer, p_offset integer, p_since timestamp with time zone) execute authenticated
function api.my_devices() execute authenticated
function api.my_note(p_id uuid) execute authenticated
function api.my_notes_remove(p_ids uuid[], p_reason text) execute authenticated
function api.note_add(p_entity text, p_id uuid, p_kind text, p_body text, p_happened_on date, p_mentions uuid[]) execute authenticated
function api.note_capture(p_kind text, p_values jsonb, p_mentions uuid[]) execute authenticated
function api.note_edit(p_id uuid, p_values jsonb, p_version integer, p_mentions uuid[]) execute authenticated
function api.note_finish_meeting(p_note uuid, p_values jsonb) execute authenticated
function api.note_turn_into(p_note uuid, p_kind text, p_values jsonb) execute authenticated
function api.note_update(p_id uuid, p_values jsonb, p_version integer, p_mentions uuid[]) execute authenticated
function api.note_wrap_up(p_day date, p_choices jsonb) execute authenticated
function api.notes(p_entity text, p_id uuid, p_kinds text[], p_limit integer, p_offset integer) execute authenticated
function api.notes_remove(p_ids uuid[], p_reason text) execute authenticated
function api.notifications(p_tab text, p_before timestamp with time zone, p_limit integer) execute authenticated
function api.notifications_mark_read(p_ids uuid[]) execute authenticated
function api.notifications_snooze(p_ids uuid[], p_until timestamp with time zone) execute authenticated
function api.notifications_unread() execute authenticated
function api.org() execute authenticated
function api.own_password_set(p_auth_user uuid, p_keep_session uuid) execute service_role
function api.page_seen(p_page text) execute authenticated
function api.partner(p_id uuid) execute authenticated
function api.partner_bulk_assign(p_ids uuid[], p_side text, p_owner uuid, p_priority uuid, p_reason text) execute authenticated
function api.partner_create(p_partner jsonb, p_reason text) execute authenticated
function api.partner_merge(p_kept uuid, p_merged uuid, p_reason text) execute authenticated
function api.partner_owner_set(p_id uuid, p_side text, p_person uuid, p_from date, p_reason text) execute authenticated
function api.partner_references(p_partner uuid) execute authenticated
function api.partner_side_off(p_id uuid, p_side text, p_until date, p_reason text) execute authenticated
function api.partner_side_set(p_id uuid, p_side text, p_values jsonb, p_reason text) execute authenticated
function api.partner_status_set(p_id uuid, p_side text, p_status text, p_effective_on date, p_reason_id uuid, p_note text) execute authenticated
function api.partner_update(p_id uuid, p_changes jsonb, p_version integer, p_reason text) execute authenticated
function api.partners(p_filters jsonb, p_limit integer, p_offset integer) execute authenticated
function api.password_changed(p_auth_user uuid) execute service_role
function api.people() execute authenticated
function api.people_match(p_names text[]) execute authenticated
function api.people_without_password() execute authenticated
function api.person_account_set(p_id uuid, p_account text, p_reason text) execute authenticated
function api.person_auth_found(p_auth_user uuid) execute authenticated
function api.person_auth_link(p_email text, p_auth_user_id uuid) execute authenticated
function api.person_auth_state(p_person uuid) execute service_role
function api.person_create(p_person jsonb, p_reason text) execute authenticated
function api.person_devices(p_person uuid) execute authenticated
function api.person_email_add(p_person uuid, p_email text, p_primary boolean, p_reason text) execute authenticated
function api.person_email_remove(p_id uuid, p_reason text) execute authenticated
function api.person_emails_unlinked(p_person uuid) execute authenticated
function api.person_password_set(p_person uuid, p_reason text, p_replace boolean) execute authenticated
function api.person_sign_out(p_person uuid, p_device uuid) execute authenticated
function api.person_switch(p_id uuid, p_on boolean, p_reason text) execute authenticated
function api.person_update(p_id uuid, p_changes jsonb, p_version integer, p_reason text) execute authenticated
function api.plan_open(p_department uuid, p_year integer, p_name text) execute authenticated
function api.plans(p_department uuid) execute authenticated
function api.profile_update(p_changes jsonb, p_version integer, p_person_version integer) execute authenticated
function api.project(p_id uuid) execute authenticated
function api.project_health_set(p_project uuid, p_health text, p_line text, p_happened_on date) execute authenticated
function api.project_save(p_id uuid, p_values jsonb, p_version integer) execute authenticated
function api.projects(p_filter jsonb, p_limit integer, p_offset integer) execute authenticated
function api.projects_remove(p_ids uuid[], p_reason text) execute authenticated
function api.recently_deleted(p_limit integer) execute authenticated
function api.record_history(p_entity text, p_id uuid) execute authenticated
function api.reference_save(p_partner uuid, p_id uuid, p_values jsonb, p_version integer, p_reason text) execute authenticated
function api.references_remove(p_ids uuid[], p_reason text) execute authenticated
function api.reminders_remove(p_ids uuid[], p_reason text) execute authenticated
function api.restore(p_entity text, p_id uuid, p_reason text) execute authenticated
function api.restore_ticketed(p_entity text, p_id uuid, p_ticket uuid, p_reason text) execute authenticated
function api.role_save(p_id uuid, p_key text, p_name_en text, p_name_ar text, p_sort integer, p_version integer, p_reason text) execute authenticated
function api.search(p_q text, p_limit integer) execute authenticated
function api.setting_clear(p_key text, p_department uuid, p_reason text) execute authenticated
function api.setting_preview(p_key text, p_department uuid, p_value jsonb, p_valid_from date) execute authenticated
function api.setting_set(p_key text, p_department uuid, p_value jsonb, p_valid_from date, p_reason text) execute authenticated
function api.settings(p_group text) execute authenticated
function api.settings_log(p_before timestamp with time zone, p_limit integer) execute authenticated
function api.side_field_save(p_id uuid, p_values jsonb, p_version integer, p_reason text) execute authenticated
function api.sign_in_check(p_email text, p_user_agent text) execute service_role
function api.sign_in_complete(p_provider text, p_device_label text, p_user_agent text) execute authenticated
function api.sign_in_event(p_email text, p_result text, p_detail text, p_user_agent text, p_provider text) execute service_role
function api.sign_in_limited(p_email text) execute service_role
function api.sign_in_log(p_person uuid, p_before timestamp with time zone, p_limit integer) execute authenticated
function api.sign_in_methods() execute service_role
function api.sign_in_password_check(p_email text, p_user_agent text) execute service_role
function api.sign_in_password_refused(p_email text, p_detail text, p_user_agent text) execute service_role
function api.task(p_id uuid) execute authenticated
function api.task_add_meeting(p_task uuid, p_happened_on date, p_body text, p_items jsonb, p_mentions uuid[]) execute authenticated
function api.task_contacts_set(p_task uuid, p_contacts uuid[]) execute authenticated
function api.task_create(p_values jsonb, p_mentions uuid[]) execute authenticated
function api.task_helpers_set(p_id uuid, p_people uuid[]) execute authenticated
function api.task_ref_add(p_task uuid, p_system text, p_value text) execute authenticated
function api.task_refs_remove(p_ids uuid[], p_reason text) execute authenticated
function api.task_status_set(p_id uuid, p_status text, p_happened_on date, p_reason text, p_close_items boolean) execute authenticated
function api.task_update(p_id uuid, p_values jsonb, p_version integer) execute authenticated
function api.tasks(p_filter jsonb, p_limit integer, p_offset integer) execute authenticated
function api.tasks_assign(p_ids uuid[], p_owner uuid, p_reason text) execute authenticated
function api.tasks_remove(p_ids uuid[], p_reason text) execute authenticated
function api.team_retire(p_id uuid, p_move_to uuid, p_reason text) execute authenticated
function api.team_save(p_id uuid, p_department uuid, p_code text, p_name_en text, p_name_ar text, p_lead uuid, p_version integer, p_reason text) execute authenticated
function api.undo(p_request uuid) execute authenticated
function api.undo_ticketed(p_request uuid, p_ticket uuid) execute authenticated
function api.view_default_set(p_page text, p_view uuid) execute authenticated
function api.view_save(p_id uuid, p_page text, p_name text, p_query jsonb, p_shared boolean, p_sort integer, p_version integer) execute authenticated
function api.views(p_page text) execute authenticated
function api.views_remove(p_ids uuid[], p_reason text) execute authenticated
function audit.activity(p_actor uuid, p_entity text, p_since timestamp with time zone, p_before timestamp with time zone, p_limit integer) execute authenticated
function audit.record_history(p_entity text, p_id uuid) execute authenticated
function audit.undo(p_request uuid) execute authenticated
function audit.undo_ticketed(p_request uuid, p_ticket uuid) execute authenticated
function authz.can(p_capability text) execute authenticated
function authz.can_see(p_entity text, p_id uuid) execute authenticated
function authz.can_see_file(p_bucket text, p_path text) execute authenticated
function authz.can_upload_file(p_bucket text, p_path text) execute authenticated
function authz.in_my_departments(p_department uuid) execute authenticated
function authz.is_admin() execute authenticated
function authz.level(p_page text) execute authenticated
function authz.me() execute authenticated
function authz.reports_to(p_person uuid) execute authenticated
function core.access_clear_person_capability(p_person uuid, p_capability text, p_reason text) execute authenticated
function core.access_clear_person_level(p_person uuid, p_page text, p_reason text) execute authenticated
function core.access_matrix() execute authenticated
function core.access_of_person(p_person uuid) execute authenticated
function core.access_set_person_capability(p_person uuid, p_capability text, p_granted boolean, p_reason text) execute authenticated
function core.access_set_person_level(p_person uuid, p_page text, p_level core.level, p_reason text) execute authenticated
function core.access_set_person_role(p_person uuid, p_role uuid, p_reason text) execute authenticated
function core.access_set_role_capability(p_role uuid, p_capability text, p_granted boolean, p_reason text) execute authenticated
function core.access_set_role_level(p_role uuid, p_page text, p_level core.level, p_reason text) execute authenticated
function core.app_settings() execute authenticated
function core.app_settings() execute service_role
function core.auth_ticket_issue(p_kind text, p_target text, p_person uuid) execute service_role
function core.auth_user_of(p_email text) execute service_role
function core.clock() execute authenticated
function core.department_save(p_id uuid, p_code text, p_name_en text, p_name_ar text, p_head uuid, p_version integer, p_reason text) execute authenticated
function core.device_sign_out(p_device uuid) execute authenticated
function core.device_sign_out_others() execute authenticated
function core.device_touch() execute authenticated
function core.file_begin(p_entity text, p_id uuid, p_kind text, p_purpose text, p_original_name text, p_size bigint, p_mime text, p_sensitivity text, p_side text, p_review_on date) execute authenticated
function core.file_download(p_id uuid, p_locale text) execute authenticated
function core.file_finish(p_id uuid, p_sha256 text) execute authenticated
function core.file_review_set(p_id uuid, p_review_on date, p_version integer) execute authenticated
function core.files(p_entity text, p_id uuid, p_side text) execute authenticated
function core.files_remove(p_ids uuid[], p_reason text) execute authenticated
function core.format_number(prefix text, year integer, n integer, width integer) execute authenticated
function core.hover_person(p_id uuid) execute authenticated
function core.list_items(p_list text, p_include_retired boolean) execute authenticated
function core.list_remove(p_list text, p_id uuid, p_reason text) execute authenticated
function core.list_retire(p_list text, p_id uuid, p_replacement uuid, p_reason text) execute authenticated
function core.list_save(p_list text, p_id uuid, p_values jsonb, p_version integer, p_reason text) execute authenticated
function core.list_usage(p_list text, p_id uuid) execute authenticated
function core.me() execute authenticated
function core.month_of(d date) execute authenticated
function core.my_devices() execute authenticated
function core.next_working_day(p_day date) execute authenticated
function core.note_add(p_entity text, p_id uuid, p_kind text, p_body text, p_happened_on date, p_mentions uuid[]) execute authenticated
function core.note_edit(p_id uuid, p_values jsonb, p_version integer, p_mentions uuid[]) execute authenticated
function core.notes(p_entity text, p_id uuid, p_kinds text[], p_limit integer, p_offset integer) execute authenticated
function core.notes_remove(p_ids uuid[], p_reason text) execute authenticated
function core.org() execute authenticated
function core.own_password_set(p_auth_user uuid, p_keep_session uuid) execute service_role
function core.page_seen(p_page text) execute authenticated
function core.password_changed(p_auth_user uuid) execute service_role
function core.people() execute authenticated
function core.people_match(p_names text[]) execute authenticated
function core.people_without_password() execute authenticated
function core.person_account_set(p_id uuid, p_account text, p_reason text) execute authenticated
function core.person_auth_found(p_auth_user uuid) execute authenticated
function core.person_auth_link(p_email text, p_auth_user_id uuid) execute authenticated
function core.person_auth_state(p_person uuid) execute service_role
function core.person_create(p_person jsonb, p_reason text) execute authenticated
function core.person_devices(p_person uuid) execute authenticated
function core.person_email_add(p_person uuid, p_email text, p_primary boolean, p_reason text) execute authenticated
function core.person_email_remove(p_id uuid, p_reason text) execute authenticated
function core.person_emails_unlinked(p_person uuid) execute authenticated
function core.person_password_set(p_person uuid, p_reason text, p_replace boolean) execute authenticated
function core.person_sign_out(p_person uuid, p_device uuid) execute authenticated
function core.person_switch(p_id uuid, p_on boolean, p_reason text) execute authenticated
function core.person_update(p_id uuid, p_changes jsonb, p_version integer, p_reason text) execute authenticated
function core.profile_update(p_changes jsonb, p_version integer, p_person_version integer) execute authenticated
function core.quarter_of(d date) execute authenticated
function core.recently_deleted(p_limit integer) execute authenticated
function core.reminders_remove(p_ids uuid[], p_reason text) execute authenticated
function core.restore(p_entity text, p_id uuid, p_reason text) execute authenticated
function core.restore_ticketed(p_entity text, p_id uuid, p_ticket uuid, p_reason text) execute authenticated
function core.riyadh_day(t timestamp with time zone) execute authenticated
function core.riyadh_today() execute authenticated
function core.role_save(p_id uuid, p_key text, p_name_en text, p_name_ar text, p_sort integer, p_version integer, p_reason text) execute authenticated
function core.search(p_q text, p_limit integer) execute authenticated
function core.setting_clear(p_key text, p_department uuid, p_reason text) execute authenticated
function core.setting_preview(p_key text, p_department uuid, p_value jsonb, p_valid_from date) execute authenticated
function core.setting_set(p_key text, p_department uuid, p_value jsonb, p_valid_from date, p_reason text) execute authenticated
function core.settings(p_group text) execute authenticated
function core.settings_log(p_before timestamp with time zone, p_limit integer) execute authenticated
function core.sign_in_check(p_email text, p_user_agent text) execute service_role
function core.sign_in_complete(p_provider text, p_device_label text, p_user_agent text) execute authenticated
function core.sign_in_event(p_email text, p_result text, p_detail text, p_user_agent text, p_provider text) execute service_role
function core.sign_in_limited(p_email text) execute service_role
function core.sign_in_log(p_person uuid, p_before timestamp with time zone, p_limit integer) execute authenticated
function core.sign_in_methods() execute service_role
function core.sign_in_password_check(p_email text, p_user_agent text) execute service_role
function core.sign_in_password_refused(p_email text, p_detail text, p_user_agent text) execute service_role
function core.team_retire(p_id uuid, p_move_to uuid, p_reason text) execute authenticated
function core.team_save(p_id uuid, p_department uuid, p_code text, p_name_en text, p_name_ar text, p_lead uuid, p_version integer, p_reason text) execute authenticated
function core.view_default_set(p_page text, p_view uuid) execute authenticated
function core.view_save(p_id uuid, p_page text, p_name text, p_query jsonb, p_shared boolean, p_sort integer, p_version integer) execute authenticated
function core.views(p_page text) execute authenticated
function core.views_remove(p_ids uuid[], p_reason text) execute authenticated
function my.from_note_of(p_entity text, p_id uuid) execute authenticated
function my.my_day(p_scope text, p_limit integer, p_offset integer, p_since timestamp with time zone) execute authenticated
function my.my_notes_remove(p_ids uuid[], p_reason text) execute authenticated
function my.note_capture(p_kind text, p_values jsonb, p_mentions uuid[]) execute authenticated
function my.note_finish_meeting(p_note uuid, p_values jsonb) execute authenticated
function my.note_get(p_id uuid) execute authenticated
function my.note_turn_into(p_note uuid, p_kind text, p_values jsonb) execute authenticated
function my.note_update(p_id uuid, p_values jsonb, p_version integer, p_mentions uuid[]) execute authenticated
function my.note_wrap_up(p_day date, p_choices jsonb) execute authenticated
function notify.follow_set(p_entity text, p_id uuid, p_on boolean) execute authenticated
function notify.following(p_entity text, p_id uuid) execute authenticated
function notify.list(p_tab text, p_before timestamp with time zone, p_limit integer) execute authenticated
function notify.mark_read(p_ids uuid[]) execute authenticated
function notify.snooze(p_ids uuid[], p_until timestamp with time zone) execute authenticated
function notify.unread_count() execute authenticated
function partner.activity_log(p_partner uuid, p_type text, p_outcome text, p_happened_on date, p_body text, p_next_step text, p_next_step_on date, p_mentions uuid[]) execute authenticated
function partner.block_add(p_kind text, p_match text, p_value text, p_reason text) execute authenticated
function partner.bulk_assign(p_ids uuid[], p_side text, p_owner uuid, p_priority uuid, p_reason text) execute authenticated
function partner.campaign_code_add(p_code text, p_name text, p_valid_from date, p_valid_to date, p_owner uuid, p_reason text) execute authenticated
function partner.client_id_close(p_id uuid, p_closed_on date, p_reason text) execute authenticated
function partner.client_id_reopen(p_id uuid, p_reason text) execute authenticated
function partner.code_terms_add(p_identifier uuid, p_campaign uuid, p_fee_percent numeric, p_approved_by uuid, p_approved_on date, p_effective_from date, p_services uuid[], p_countries text[], p_tiers jsonb, p_review_on date) execute authenticated
function partner.contact_save(p_partner uuid, p_id uuid, p_values jsonb, p_version integer) execute authenticated
function partner.contacts_remove(p_ids uuid[], p_reason text) execute authenticated
function partner.contract_save(p_partner uuid, p_id uuid, p_values jsonb, p_version integer, p_reason text) execute authenticated
function partner.contracts(p_partner uuid, p_side text) execute authenticated
function partner.contracts_remove(p_ids uuid[], p_reason text) execute authenticated
function partner.credit_limit_set(p_partner uuid, p_amount numeric, p_effective_from date, p_approved_by uuid, p_reason text) execute authenticated
function partner.hover(p_id uuid) execute authenticated
function partner.identifier_add(p_partner uuid, p_kind text, p_value text, p_reason text, p_subkind text, p_valid_from date, p_valid_to date, p_note text, p_second_code boolean) execute authenticated
function partner.identifier_remove(p_id uuid, p_reason text) execute authenticated
function partner.individual_add(p_name text, p_reason text) execute authenticated
function partner.partner_create(p_partner jsonb, p_reason text) execute authenticated
function partner.partner_get(p_id uuid) execute authenticated
function partner.partner_merge(p_kept uuid, p_merged uuid, p_reason text) execute authenticated
function partner.partner_update(p_id uuid, p_changes jsonb, p_version integer, p_reason text) execute authenticated
function partner.partners_list(p_filters jsonb, p_limit integer, p_offset integer) execute authenticated
function partner.reference_save(p_partner uuid, p_id uuid, p_values jsonb, p_version integer, p_reason text) execute authenticated
function partner.references(p_partner uuid) execute authenticated
function partner.references_remove(p_ids uuid[], p_reason text) execute authenticated
function partner.side_field_save(p_id uuid, p_values jsonb, p_version integer, p_reason text) execute authenticated
function partner.side_off(p_id uuid, p_side text, p_until date, p_reason text) execute authenticated
function partner.side_owner_set(p_id uuid, p_side text, p_person uuid, p_from date, p_reason text) execute authenticated
function partner.side_set(p_id uuid, p_side text, p_values jsonb, p_reason text) execute authenticated
function partner.side_status_set(p_id uuid, p_side text, p_status text, p_effective_on date, p_reason_id uuid, p_note text) execute authenticated
function perf.achievement_get(p_id uuid) execute authenticated
function perf.achievement_line(p_id uuid, p_locale text) execute authenticated
function perf.achievement_list(p_filter jsonb, p_limit integer, p_offset integer) execute authenticated
function perf.achievement_log(p_values jsonb, p_refs jsonb, p_participants uuid[]) execute authenticated
function perf.achievement_move(p_id uuid, p_to date, p_reason text, p_version integer) execute authenticated
function perf.achievement_participants_set(p_id uuid, p_people uuid[]) execute authenticated
function perf.achievement_ref_add(p_id uuid, p_system text, p_value text, p_url text) execute authenticated
function perf.achievement_refs_remove(p_ids uuid[], p_reason text) execute authenticated
function perf.achievement_repeats(p_partner uuid, p_category text, p_title text, p_on date) execute authenticated
function perf.achievement_update(p_id uuid, p_values jsonb, p_version integer, p_reason text) execute authenticated
function perf.achievements_assign(p_ids uuid[], p_owner uuid, p_reason text) execute authenticated
function perf.achievements_remove(p_ids uuid[], p_reason text) execute authenticated
function perf.backfill_achievements(p_request jsonb) execute authenticated
function perf.backfill_keys_held(p_keys text[]) execute authenticated
function perf.categories(p_plan uuid, p_year integer, p_department uuid) execute authenticated
function perf.categories_remove(p_ids uuid[], p_reason text) execute authenticated
function perf.category_save(p_id uuid, p_plan uuid, p_values jsonb, p_version integer) execute authenticated
function perf.plan_open(p_department uuid, p_year integer, p_name text) execute authenticated
function perf.plans(p_department uuid) execute authenticated
function work.action_item_add(p_task uuid, p_values jsonb) execute authenticated
function work.action_item_done(p_id uuid, p_done boolean, p_on date) execute authenticated
function work.action_item_update(p_id uuid, p_values jsonb, p_version integer) execute authenticated
function work.action_items_remove(p_ids uuid[], p_reason text) execute authenticated
function work.backfill_keys_held(p_keys text[]) execute authenticated
function work.backfill_tasks(p_request jsonb) execute authenticated
function work.project_get(p_id uuid) execute authenticated
function work.project_health_set(p_project uuid, p_health text, p_line text, p_happened_on date) execute authenticated
function work.project_list(p_filter jsonb, p_limit integer, p_offset integer) execute authenticated
function work.project_save(p_id uuid, p_values jsonb, p_version integer) execute authenticated
function work.projects_remove(p_ids uuid[], p_reason text) execute authenticated
function work.task_add_meeting(p_task uuid, p_happened_on date, p_body text, p_items jsonb, p_mentions uuid[]) execute authenticated
function work.task_contacts_set(p_task uuid, p_contacts uuid[]) execute authenticated
function work.task_create(p_values jsonb, p_mentions uuid[]) execute authenticated
function work.task_get(p_id uuid) execute authenticated
function work.task_helpers_set(p_id uuid, p_people uuid[]) execute authenticated
function work.task_list(p_filter jsonb, p_limit integer, p_offset integer) execute authenticated
function work.task_ref_add(p_task uuid, p_system text, p_value text) execute authenticated
function work.task_refs_remove(p_ids uuid[], p_reason text) execute authenticated
function work.task_status_set(p_id uuid, p_status text, p_happened_on date, p_reason text, p_close_items boolean) execute authenticated
function work.task_update(p_id uuid, p_values jsonb, p_version integer) execute authenticated
function work.tasks_assign(p_ids uuid[], p_owner uuid, p_reason text) execute authenticated
function work.tasks_remove(p_ids uuid[], p_reason text) execute authenticated
schema api usage authenticated
schema api usage service_role
schema audit usage authenticated
schema authz usage authenticated
schema core usage authenticated
schema core usage service_role
schema my usage authenticated
schema notify usage authenticated
schema partner usage authenticated
schema perf usage authenticated
schema work usage authenticated
type core.level usage public
