# Every privilege a request role (public, anon, authenticated, service_role, authenticator) holds on v2's schemas,
# tables, columns, functions and types, and the migration role's default privileges (A8). Written by
# `node scripts/db/test.mjs --write-grants` on a database built from zero; GRANTS-01 compares the live catalog with
# it. A change here is deliberate and its PR says why.
default types everywhere usage public
function api.access_clear_person_capability(p_person uuid, p_capability text, p_reason text) execute authenticated
function api.access_clear_person_level(p_person uuid, p_page text, p_reason text) execute authenticated
function api.access_matrix() execute authenticated
function api.access_of_person(p_person uuid) execute authenticated
function api.access_set_person_capability(p_person uuid, p_capability text, p_granted boolean, p_reason text) execute authenticated
function api.access_set_person_level(p_person uuid, p_page text, p_level core.level, p_reason text) execute authenticated
function api.access_set_person_role(p_person uuid, p_role uuid, p_reason text) execute authenticated
function api.access_set_role_capability(p_role uuid, p_capability text, p_granted boolean, p_reason text) execute authenticated
function api.access_set_role_level(p_role uuid, p_page text, p_level core.level, p_reason text) execute authenticated
function api.activity(p_actor uuid, p_entity text, p_since timestamp with time zone, p_before timestamp with time zone, p_limit integer) execute authenticated
function api.auth_user_of(p_email text) execute service_role
function api.device_sign_out(p_device uuid) execute authenticated
function api.device_sign_out_others() execute authenticated
function api.device_touch() execute authenticated
function api.follow(p_entity text, p_id uuid, p_on boolean) execute authenticated
function api.following(p_entity text, p_id uuid) execute authenticated
function api.me() execute authenticated
function api.my_devices() execute authenticated
function api.notifications(p_tab text, p_before timestamp with time zone, p_limit integer) execute authenticated
function api.notifications_mark_read(p_ids uuid[]) execute authenticated
function api.notifications_snooze(p_ids uuid[], p_until timestamp with time zone) execute authenticated
function api.notifications_unread() execute authenticated
function api.page_seen(p_page text) execute authenticated
function api.person_auth_link(p_email text, p_auth_user_id uuid) execute authenticated
function api.person_auth_state(p_person uuid) execute service_role
function api.person_devices(p_person uuid) execute authenticated
function api.person_email_add(p_person uuid, p_email text, p_primary boolean, p_reason text) execute authenticated
function api.person_email_remove(p_id uuid, p_reason text) execute authenticated
function api.person_sign_out(p_person uuid, p_device uuid) execute authenticated
function api.record_history(p_entity text, p_id uuid) execute authenticated
function api.sign_in_check(p_email text, p_user_agent text) execute service_role
function api.sign_in_complete(p_provider text, p_device_label text, p_user_agent text) execute authenticated
function api.sign_in_event(p_email text, p_result text, p_detail text, p_user_agent text, p_provider text) execute service_role
function api.undo(p_request uuid) execute authenticated
function api.view_default_set(p_page text, p_view uuid) execute authenticated
function api.view_save(p_id uuid, p_page text, p_name text, p_query jsonb, p_shared boolean, p_sort integer, p_version integer) execute authenticated
function api.views(p_page text) execute authenticated
function api.views_remove(p_ids uuid[], p_reason text) execute authenticated
function audit.activity(p_actor uuid, p_entity text, p_since timestamp with time zone, p_before timestamp with time zone, p_limit integer) execute authenticated
function audit.record_history(p_entity text, p_id uuid) execute authenticated
function audit.undo(p_request uuid) execute authenticated
function authz.can(p_capability text) execute authenticated
function authz.in_my_departments(p_department uuid) execute authenticated
function authz.is_admin() execute authenticated
function authz.level(p_page text) execute authenticated
function authz.me() execute authenticated
function authz.reports_to(p_person uuid) execute authenticated
function core.access_clear_person_capability(p_person uuid, p_capability text, p_reason text) execute authenticated
function core.access_clear_person_level(p_person uuid, p_page text, p_reason text) execute authenticated
function core.access_matrix() execute authenticated
function core.access_of_person(p_person uuid) execute authenticated
function core.access_set_person_capability(p_person uuid, p_capability text, p_granted boolean, p_reason text) execute authenticated
function core.access_set_person_level(p_person uuid, p_page text, p_level core.level, p_reason text) execute authenticated
function core.access_set_person_role(p_person uuid, p_role uuid, p_reason text) execute authenticated
function core.access_set_role_capability(p_role uuid, p_capability text, p_granted boolean, p_reason text) execute authenticated
function core.access_set_role_level(p_role uuid, p_page text, p_level core.level, p_reason text) execute authenticated
function core.auth_user_of(p_email text) execute service_role
function core.clock() execute authenticated
function core.device_sign_out(p_device uuid) execute authenticated
function core.device_sign_out_others() execute authenticated
function core.device_touch() execute authenticated
function core.format_number(prefix text, year integer, n integer, width integer) execute authenticated
function core.me() execute authenticated
function core.month_of(d date) execute authenticated
function core.my_devices() execute authenticated
function core.page_seen(p_page text) execute authenticated
function core.person_auth_link(p_email text, p_auth_user_id uuid) execute authenticated
function core.person_auth_state(p_person uuid) execute service_role
function core.person_devices(p_person uuid) execute authenticated
function core.person_email_add(p_person uuid, p_email text, p_primary boolean, p_reason text) execute authenticated
function core.person_email_remove(p_id uuid, p_reason text) execute authenticated
function core.person_sign_out(p_person uuid, p_device uuid) execute authenticated
function core.quarter_of(d date) execute authenticated
function core.riyadh_day(t timestamp with time zone) execute authenticated
function core.riyadh_today() execute authenticated
function core.sign_in_check(p_email text, p_user_agent text) execute service_role
function core.sign_in_complete(p_provider text, p_device_label text, p_user_agent text) execute authenticated
function core.sign_in_event(p_email text, p_result text, p_detail text, p_user_agent text, p_provider text) execute service_role
function core.view_default_set(p_page text, p_view uuid) execute authenticated
function core.view_save(p_id uuid, p_page text, p_name text, p_query jsonb, p_shared boolean, p_sort integer, p_version integer) execute authenticated
function core.views(p_page text) execute authenticated
function core.views_remove(p_ids uuid[], p_reason text) execute authenticated
function notify.follow_set(p_entity text, p_id uuid, p_on boolean) execute authenticated
function notify.following(p_entity text, p_id uuid) execute authenticated
function notify.list(p_tab text, p_before timestamp with time zone, p_limit integer) execute authenticated
function notify.mark_read(p_ids uuid[]) execute authenticated
function notify.snooze(p_ids uuid[], p_until timestamp with time zone) execute authenticated
function notify.unread_count() execute authenticated
schema api usage authenticated
schema api usage service_role
schema audit usage authenticated
schema authz usage authenticated
schema core usage authenticated
schema core usage service_role
schema notify usage authenticated
type core.level usage public
